[    0.000000] Initializing cgroup subsys cpuset
[    0.000000] Initializing cgroup subsys cpu
[    0.000000] Initializing cgroup subsys cpuacct
[    0.000000] Linux version 4.4.0-170-generic (buildd@lcy01-amd64-019) (gcc version 5.4.0 20160609 (Ubuntu 5.4.0-6ubuntu1~16.04.12) ) #199-Ubuntu SMP Thu Nov 14 01:45:04 UTC 2019 (Ubuntu 4.4.0-170.199-generic 4.4.200)
[    0.000000] Command line: BOOT_IMAGE=/boot/vmlinuz-4.4.0-170-generic root=LABEL=cloudimg-rootfs ro console=tty1 console=ttyS0
[    0.000000] KERNEL supported cpus:
[    0.000000]   Intel GenuineIntel
[    0.000000]   AMD AuthenticAMD
[    0.000000]   Centaur CentaurHauls
[    0.000000] x86/fpu: xstate_offset[2]:  576, xstate_sizes[2]:  256
[    0.000000] x86/fpu: Supporting XSAVE feature 0x01: 'x87 floating point registers'
[    0.000000] x86/fpu: Supporting XSAVE feature 0x02: 'SSE registers'
[    0.000000] x86/fpu: Supporting XSAVE feature 0x04: 'AVX registers'
[    0.000000] x86/fpu: Enabled xstate features 0x7, context size is 832 bytes, using 'standard' format.
[    0.000000] e820: BIOS-provided physical RAM map:
[    0.000000] BIOS-e820: [mem 0x0000000000000000-0x000000000009fbff] usable
[    0.000000] BIOS-e820: [mem 0x000000000009fc00-0x000000000009ffff] reserved
[    0.000000] BIOS-e820: [mem 0x00000000000f0000-0x00000000000fffff] reserved
[    0.000000] BIOS-e820: [mem 0x0000000000100000-0x000000003ffeffff] usable
[    0.000000] BIOS-e820: [mem 0x000000003fff0000-0x000000003fffffff] ACPI data
[    0.000000] BIOS-e820: [mem 0x00000000fec00000-0x00000000fec00fff] reserved
[    0.000000] BIOS-e820: [mem 0x00000000fee00000-0x00000000fee00fff] reserved
[    0.000000] BIOS-e820: [mem 0x00000000fffc0000-0x00000000ffffffff] reserved
[    0.000000] NX (Execute Disable) protection: active
[    0.000000] SMBIOS 2.5 present.
[    0.000000] Hypervisor detected: KVM
[    0.000000] Kernel/User page tables isolation: disabled
[    0.000000] e820: last_pfn = 0x3fff0 max_arch_pfn = 0x400000000
[    0.000000] MTRR: Disabled
[    0.000000] x86/PAT: MTRRs disabled, skipping PAT initialization too.
[    0.000000] CPU MTRRs all blank - virtualized system.
[    0.000000] x86/PAT: Configuration [0-7]: WB  WT  UC- UC  WB  WT  UC- UC  
[    0.000000] found SMP MP-table at [mem 0x0009fff0-0x0009ffff] mapped at [ffff88000009fff0]
[    0.000000] Scanning 1 areas for low memory corruption
[    0.000000] RAMDISK: [mem 0x362f4000-0x37171fff]
[    0.000000] ACPI: Early table checksum verification disabled
[    0.000000] ACPI: RSDP 0x00000000000E0000 000024 (v02 VBOX  )
[    0.000000] ACPI: XSDT 0x000000003FFF0030 00003C (v01 VBOX   VBOXXSDT 00000001 ASL  00000061)
[    0.000000] ACPI: FACP 0x000000003FFF00F0 0000F4 (v04 VBOX   VBOXFACP 00000001 ASL  00000061)
[    0.000000] ACPI: DSDT 0x000000003FFF0470 0022EA (v02 VBOX   VBOXBIOS 00000002 INTL 20100528)
[    0.000000] ACPI: FACS 0x000000003FFF0200 000040
[    0.000000] ACPI: FACS 0x000000003FFF0200 000040
[    0.000000] ACPI: APIC 0x000000003FFF0240 00005C (v02 VBOX   VBOXAPIC 00000001 ASL  00000061)
[    0.000000] ACPI: SSDT 0x000000003FFF02A0 0001CC (v01 VBOX   VBOXCPUT 00000002 INTL 20100528)
[    0.000000] No NUMA configuration found
[    0.000000] Faking a node at [mem 0x0000000000000000-0x000000003ffeffff]
[    0.000000] NODE_DATA(0) allocated [mem 0x3ffeb000-0x3ffeffff]
[    0.000000] kvm-clock: Using msrs 4b564d01 and 4b564d00
[    0.000000] kvm-clock: cpu 0, msr 0:3ffe3001, primary cpu clock
[    0.000000] kvm-clock: using sched offset of 3039447280 cycles
[    0.000000] clocksource: kvm-clock: mask: 0xffffffffffffffff max_cycles: 0x1cd42e4dffb, max_idle_ns: 881590591483 ns
[    0.000000] Zone ranges:
[    0.000000]   DMA      [mem 0x0000000000001000-0x0000000000ffffff]
[    0.000000]   DMA32    [mem 0x0000000001000000-0x000000003ffeffff]
[    0.000000]   Normal   empty
[    0.000000]   Device   empty
[    0.000000] Movable zone start for each node
[    0.000000] Early memory node ranges
[    0.000000]   node   0: [mem 0x0000000000001000-0x000000000009efff]
[    0.000000]   node   0: [mem 0x0000000000100000-0x000000003ffeffff]
[    0.000000] Initmem setup node 0 [mem 0x0000000000001000-0x000000003ffeffff]
[    0.000000] ACPI: PM-Timer IO Port: 0x4008
[    0.000000] IOAPIC[0]: apic_id 2, version 32, address 0xfec00000, GSI 0-23
[    0.000000] ACPI: INT_SRC_OVR (bus 0 bus_irq 0 global_irq 2 dfl dfl)
[    0.000000] ACPI: INT_SRC_OVR (bus 0 bus_irq 9 global_irq 9 low level)
[    0.000000] Using ACPI (MADT) for SMP configuration information
[    0.000000] smpboot: Allowing 2 CPUs, 0 hotplug CPUs
[    0.000000] PM: Registered nosave memory: [mem 0x00000000-0x00000fff]
[    0.000000] PM: Registered nosave memory: [mem 0x0009f000-0x0009ffff]
[    0.000000] PM: Registered nosave memory: [mem 0x000a0000-0x000effff]
[    0.000000] PM: Registered nosave memory: [mem 0x000f0000-0x000fffff]
[    0.000000] e820: [mem 0x40000000-0xfebfffff] available for PCI devices
[    0.000000] Booting paravirtualized kernel on KVM
[    0.000000] clocksource: refined-jiffies: mask: 0xffffffff max_cycles: 0xffffffff, max_idle_ns: 7645519600211568 ns
[    0.000000] setup_percpu: NR_CPUS:512 nr_cpumask_bits:512 nr_cpu_ids:2 nr_node_ids:1
[    0.000000] PERCPU: Embedded 33 pages/cpu @ffff88003fc00000 s95448 r8192 d31528 u1048576
[    0.000000] Built 1 zonelists in Node order, mobility grouping on.  Total pages: 257912
[    0.000000] Policy zone: DMA32
[    0.000000] Kernel command line: BOOT_IMAGE=/boot/vmlinuz-4.4.0-170-generic root=LABEL=cloudimg-rootfs ro console=tty1 console=ttyS0
[    0.000000] PID hash table entries: 4096 (order: 3, 32768 bytes)
[    0.000000] Memory: 997716K/1048120K available (8626K kernel code, 1336K rwdata, 4036K rodata, 1488K init, 1288K bss, 50404K reserved, 0K cma-reserved)
[    0.000000] SLUB: HWalign=64, Order=0-3, MinObjects=0, CPUs=2, Nodes=1
[    0.000000] Hierarchical RCU implementation.
[    0.000000] 	Build-time adjustment of leaf fanout to 64.
[    0.000000] 	RCU restricting CPUs from NR_CPUS=512 to nr_cpu_ids=2.
[    0.000000] RCU: Adjusting geometry for rcu_fanout_leaf=64, nr_cpu_ids=2
[    0.000000] NR_IRQS:33024 nr_irqs:440 16
[    0.000000] Console: colour VGA+ 80x25
[    0.000000] console [tty1] enabled
[    0.000000] console [ttyS0] enabled
[    0.000000] tsc: Detected 1991.999 MHz processor
[    0.103899] Calibrating delay loop (skipped) preset value.. 3983.99 BogoMIPS (lpj=7967996)
[    0.105234] pid_max: default: 32768 minimum: 301
[    0.105908] ACPI: Core revision 20150930
[    0.107122] ACPI: 2 ACPI AML tables successfully acquired and loaded
[    0.108089] Security Framework initialized
[    0.108719] Yama: becoming mindful.
[    0.109300] AppArmor: AppArmor initialized
[    0.109971] Dentry cache hash table entries: 131072 (order: 8, 1048576 bytes)
[    0.111517] Inode-cache hash table entries: 65536 (order: 7, 524288 bytes)
[    0.113005] Mount-cache hash table entries: 2048 (order: 2, 16384 bytes)
[    0.113883] Mountpoint-cache hash table entries: 2048 (order: 2, 16384 bytes)
[    0.114880] Initializing cgroup subsys io
[    0.115515] Initializing cgroup subsys memory
[    0.116182] Initializing cgroup subsys devices
[    0.116791] Initializing cgroup subsys freezer
[    0.117438] Initializing cgroup subsys net_cls
[    0.118114] Initializing cgroup subsys perf_event
[    0.118766] Initializing cgroup subsys net_prio
[    0.119418] Initializing cgroup subsys hugetlb
[    0.120096] Initializing cgroup subsys pids
[    0.121730] mce: CPU supports 0 MCE banks
[    0.122380] Last level iTLB entries: 4KB 64, 2MB 8, 4MB 8
[    0.123245] Last level dTLB entries: 4KB 64, 2MB 0, 4MB 0, 1GB 4
[    0.124089] Spectre V1 : Mitigation: usercopy/swapgs barriers and __user pointer sanitization
[    0.125307] Spectre V2 : Mitigation: Enhanced IBRS
[    0.125994] Spectre V2 : Spectre v2 / SpectreRSB mitigation: Filling RSB on context switch
[    0.127146] Speculative Store Bypass: Vulnerable
[    0.129983] Freeing SMP alternatives memory: 36K
[    0.135440] ftrace: allocating 32302 entries in 127 pages
[    0.173130] smpboot: APIC(0) Converting physical 0 to logical package 0
[    0.174339] smpboot: Max logical packages: 1
[    0.175356] x2apic enabled
[    0.176237] Switched APIC routing to physical x2apic.
[    0.178041] ..TIMER: vector=0x30 apic1=0 pin1=2 apic2=-1 pin2=-1
[    0.287238] smpboot: CPU0: Intel(R) Core(TM) i7-8565U CPU @ 1.80GHz (family: 0x6, model: 0x8e, stepping: 0xc)
[    0.289338] Performance Events: unsupported p6 CPU model 142 no PMU driver, software events only.
[    0.297017] KVM setup paravirtual spinlock
[    0.298326] x86: Booting SMP configuration:
[    0.299027] .... node  #0, CPUs:      #1
[    0.300199] kvm-clock: cpu 1, msr 0:3ffe3041, secondary cpu clock
[    0.302726] mce: CPU supports 0 MCE banks
[    0.306514] x86: Booted up 1 node, 2 CPUs
[    0.307661] smpboot: Total of 2 processors activated (7967.99 BogoMIPS)
[    0.309055] devtmpfs: initialized
[    0.311153] evm: security.selinux
[    0.311811] evm: security.SMACK64
[    0.312540] evm: security.SMACK64EXEC
[    0.313316] evm: security.SMACK64TRANSMUTE
[    0.314031] evm: security.SMACK64MMAP
[    0.314684] evm: security.ima
[    0.315387] evm: security.capability
[    0.316382] clocksource: jiffies: mask: 0xffffffff max_cycles: 0xffffffff, max_idle_ns: 7645041785100000 ns
[    0.318097] futex hash table entries: 512 (order: 3, 32768 bytes)
[    0.319469] pinctrl core: initialized pinctrl subsystem
[    0.320588] RTC time: 13:10:04, date: 12/10/19
[    0.322230] NET: Registered protocol family 16
[    0.334521] cpuidle: using governor ladder
[    0.346658] cpuidle: using governor menu
[    0.348011] PCCT header not found.
[    0.348616] ACPI: bus type PCI registered
[    0.349202] acpiphp: ACPI Hot Plug PCI Controller Driver version: 0.5
[    0.350135] PCI: Using configuration type 1 for base access
[    0.363304] ACPI: Added _OSI(Module Device)
[    0.364156] ACPI: Added _OSI(Processor Device)
[    0.364885] ACPI: Added _OSI(3.0 _SCP Extensions)
[    0.365581] ACPI: Added _OSI(Processor Aggregator Device)
[    0.366835] ACPI: Executed 1 blocks of module-level executable AML code
[    0.369126] ACPI: Interpreter enabled
[    0.369769] ACPI: (supports S0 S5)
[    0.370373] ACPI: Using IOAPIC for interrupt routing
[    0.371253] PCI: Using host bridge windows from ACPI; if necessary, use "pci=nocrs" and report a bug
[    0.374959] ACPI: PCI Root Bridge [PCI0] (domain 0000 [bus 00-ff])
[    0.375792] acpi PNP0A03:00: _OSC: OS supports [ASPM ClockPM Segments MSI]
[    0.376891] acpi PNP0A03:00: _OSC: not requesting OS control; OS requires [ExtendedConfig ASPM ClockPM MSI]
[    0.378725] acpi PNP0A03:00: fail to add MMCONFIG information, can't access extended PCI configuration space under this bridge.
[    0.380934] PCI host bridge to bus 0000:00
[    0.381682] pci_bus 0000:00: root bus resource [io  0x0000-0x0cf7 window]
[    0.383070] pci_bus 0000:00: root bus resource [io  0x0d00-0xffff window]
[    0.384151] pci_bus 0000:00: root bus resource [mem 0x000a0000-0x000bffff window]
[    0.385553] pci_bus 0000:00: root bus resource [mem 0x40000000-0xfdffffff window]
[    0.386928] pci_bus 0000:00: root bus resource [bus 00-ff]
[    0.389103] pci 0000:00:01.1: legacy IDE quirk: reg 0x10: [io  0x01f0-0x01f7]
[    0.390419] pci 0000:00:01.1: legacy IDE quirk: reg 0x14: [io  0x03f6]
[    0.391604] pci 0000:00:01.1: legacy IDE quirk: reg 0x18: [io  0x0170-0x0177]
[    0.392904] pci 0000:00:01.1: legacy IDE quirk: reg 0x1c: [io  0x0376]
[    0.404358] pci 0000:00:07.0: quirk: [io  0x4000-0x403f] claimed by PIIX4 ACPI
[    0.414396] pci 0000:00:07.0: quirk: [io  0x4100-0x410f] claimed by PIIX4 SMB
[    0.419820] ACPI: PCI Interrupt Link [LNKA] (IRQs 5 9 10 *11)
[    0.421620] ACPI: PCI Interrupt Link [LNKB] (IRQs 5 9 *10 11)
[    0.423014] ACPI: PCI Interrupt Link [LNKC] (IRQs 5 *9 10 11)
[    0.424171] ACPI: PCI Interrupt Link [LNKD] (IRQs 5 9 10 *11)
[    0.425294] ACPI: Enabled 2 GPEs in block 00 to 07
[    0.426423] vgaarb: setting as boot device: PCI:0000:00:02.0
[    0.427205] vgaarb: device added: PCI:0000:00:02.0,decodes=io+mem,owns=io+mem,locks=none
[    0.428403] vgaarb: loaded
[    0.428873] vgaarb: bridge control possible 0000:00:02.0
[    0.429746] SCSI subsystem initialized
[    0.430509] ACPI: bus type USB registered
[    0.431363] usbcore: registered new interface driver usbfs
[    0.432497] usbcore: registered new interface driver hub
[    0.433550] usbcore: registered new device driver usb
[    0.434773] PCI: Using ACPI for IRQ routing
[    0.435637] NetLabel: Initializing
[    0.436280] NetLabel:  domain hash size = 128
[    0.436918] NetLabel:  protocols = UNLABELED CIPSOv4
[    0.437607] NetLabel:  unlabeled traffic allowed by default
[    0.438566] amd_nb: Cannot enumerate AMD northbridges
[    0.439301] clocksource: Switched to clocksource kvm-clock
[    0.445756] AppArmor: AppArmor Filesystem Enabled
[    0.446846] pnp: PnP ACPI init
[    0.447995] pnp: PnP ACPI: found 3 devices
[    0.457731] clocksource: acpi_pm: mask: 0xffffff max_cycles: 0xffffff, max_idle_ns: 2085701024 ns
[    0.459299] NET: Registered protocol family 2
[    0.460213] TCP established hash table entries: 8192 (order: 4, 65536 bytes)
[    0.461625] TCP bind hash table entries: 8192 (order: 5, 131072 bytes)
[    0.462733] TCP: Hash tables configured (established 8192 bind 8192)
[    0.463912] UDP hash table entries: 512 (order: 2, 16384 bytes)
[    0.465128] UDP-Lite hash table entries: 512 (order: 2, 16384 bytes)
[    0.466529] NET: Registered protocol family 1
[    0.467381] pci 0000:00:00.0: Limiting direct PCI/PCI transfers
[    0.468252] pci 0000:00:01.0: Activating ISA DMA hang workarounds
[    0.470162] Unpacking initramfs...
[    0.647797] Freeing initrd memory: 14840K
[    0.648814] clocksource: tsc: mask: 0xffffffffffffffff max_cycles: 0x396d4ffc055, max_idle_ns: 881590662783 ns
[    0.650563] platform rtc_cmos: registered platform RTC device (no PNP device found)
[    0.652388] Scanning for low memory corruption every 60 seconds
[    0.654092] audit: initializing netlink subsys (disabled)
[    0.654815] audit: type=2000 audit(1575983409.143:1): initialized
[    0.655906] Initialise system trusted keyring
[    0.656716] HugeTLB registered 2 MB page size, pre-allocated 0 pages
[    0.658439] zbud: loaded
[    0.659240] VFS: Disk quotas dquot_6.6.0
[    0.659942] VFS: Dquot-cache hash table entries: 512 (order 0, 4096 bytes)
[    0.660977] squashfs: version 4.0 (2009/01/31) Phillip Lougher
[    0.662084] fuse init (API version 7.23)
[    0.662857] Key type big_key registered
[    0.663492] Allocating IMA MOK and blacklist keyrings.
[    0.667810] Key type asymmetric registered
[    0.668432] Asymmetric key parser 'x509' registered
[    0.669180] Block layer SCSI generic (bsg) driver version 0.4 loaded (major 249)
[    0.670331] io scheduler noop registered
[    0.671043] io scheduler deadline registered (default)
[    0.671819] io scheduler cfq registered
[    0.672477] pci_hotplug: PCI Hot Plug PCI Core version: 0.5
[    0.673274] pciehp: PCI Express Hot Plug Controller Driver version: 0.4
[    0.674240] ACPI: AC Adapter [AC] (on-line)
[    0.674871] input: Power Button as /devices/LNXSYSTM:00/LNXPWRBN:00/input/input0
[    0.676051] ACPI: Power Button [PWRF]
[    0.676654] input: Sleep Button as /devices/LNXSYSTM:00/LNXSLPBN:00/input/input1
[    0.677738] ACPI: Sleep Button [SLPF]
[    0.678439] GHES: HEST is not enabled!
[    0.678973] ACPI: Battery Slot [BAT0] (battery present)
[    0.680400] Serial: 8250/16550 driver, 32 ports, IRQ sharing enabled
[    0.701664] 00:02: ttyS0 at I/O 0x3f8 (irq = 4, base_baud = 115200) is a 16550A
[    0.705958] Linux agpgart interface v0.103
[    0.708404] loop: module loaded
[    0.709278] scsi host0: ata_piix
[    0.709897] scsi host1: ata_piix
[    0.710455] ata1: PATA max UDMA/33 cmd 0x1f0 ctl 0x3f6 bmdma 0xd000 irq 14
[    0.711501] ata2: PATA max UDMA/33 cmd 0x170 ctl 0x376 bmdma 0xd008 irq 15
[    0.712684] libphy: Fixed MDIO Bus: probed
[    0.713480] tun: Universal TUN/TAP device driver, 1.6
[    0.714162] tun: (C) 1999-2004 Max Krasnyansky <maxk@qualcomm.com>
[    0.715076] PPP generic driver version 2.4.2
[    0.715870] ehci_hcd: USB 2.0 'Enhanced' Host Controller (EHCI) Driver
[    0.716739] ehci-pci: EHCI PCI platform driver
[    0.717434] ehci-platform: EHCI generic platform driver
[    0.718198] ohci_hcd: USB 1.1 'Open' Host Controller (OHCI) Driver
[    0.718985] ohci-pci: OHCI PCI platform driver
[    0.719711] ohci-platform: OHCI generic platform driver
[    0.720492] uhci_hcd: USB Universal Host Controller Interface driver
[    0.721553] i8042: PNP: PS/2 Controller [PNP0303:PS2K,PNP0f03:PS2M] at 0x60,0x64 irq 1,12
[    0.723072] serio: i8042 KBD port at 0x60,0x64 irq 1
[    0.723850] serio: i8042 AUX port at 0x60,0x64 irq 12
[    0.724748] mousedev: PS/2 mouse device common for all mice
[    0.725718] input: AT Translated Set 2 keyboard as /devices/platform/i8042/serio0/input/input2
[    0.727397] rtc_cmos rtc_cmos: rtc core: registered rtc_cmos as rtc0
[    0.728273] rtc_cmos rtc_cmos: alarms up to one day, 114 bytes nvram
[    0.729115] i2c /dev entries driver
[    0.729671] device-mapper: uevent: version 1.0.3
[    0.730513] device-mapper: ioctl: 4.34.0-ioctl (2015-10-28) initialised: dm-devel@redhat.com
[    0.731932] ledtrig-cpu: registered to indicate activity on CPUs
[    0.733193] NET: Registered protocol family 10
[    0.734022] NET: Registered protocol family 17
[    0.734647] Key type dns_resolver registered
[    0.735604] registered taskstats version 1
[    0.736232] Loading compiled-in X.509 certificates
[    0.737338] Loaded X.509 cert 'Build time autogenerated kernel key: f0e56e97f406068ace47a9bf54316e9855aaaa43'
[    0.738751] zswap: loaded using pool lzo/zbud
[    0.740745] Key type trusted registered
[    0.743944] Key type encrypted registered
[    0.744560] AppArmor: AppArmor sha1 policy hashing enabled
[    0.745282] ima: No TPM chip found, activating TPM-bypass!
[    0.746045] ima: Allocated hash algorithm: sha1
[    0.746727] evm: HMAC attrs: 0x1
[    0.747556]   Magic number: 15:781:179
[    0.748223] rtc_cmos rtc_cmos: setting system clock to 2019-12-10 13:10:04 UTC (1575983404)
[    0.749534] BIOS EDD facility v0.16 2004-Jun-25, 0 devices found
[    0.750374] EDD information not available.
[    0.868988] Freeing unused kernel memory: 1488K
[    0.869981] Write protecting the kernel read-only data: 14336k
[    0.871843] Freeing unused kernel memory: 1604K
[    0.872652] Freeing unused kernel memory: 60K
Loading, please wait...
starting version 229
[    0.881196] random: systemd-udevd: uninitialized urandom read (16 bytes read, 1 bits of entropy available)
[    0.881627] random: udevadm: uninitialized urandom read (16 bytes read, 1 bits of entropy available)
[    0.881639] random: udevadm: uninitialized urandom read (16 bytes read, 1 bits of entropy available)
[    0.886453] random: udevadm: uninitialized urandom read (16 bytes read, 1 bits of entropy available)
[    0.886480] random: udevadm: uninitialized urandom read (16 bytes read, 1 bits of entropy available)
[    0.886550] random: udevadm: uninitialized urandom read (16 bytes read, 1 bits of entropy available)
[    0.886574] random: udevadm: uninitialized urandom read (16 bytes read, 1 bits of entropy available)
[    0.886597] random: udevadm: uninitialized urandom read (16 bytes read, 1 bits of entropy available)
[    0.886621] random: udevadm: uninitialized urandom read (16 bytes read, 1 bits of entropy available)
[    0.886645] random: udevadm: uninitialized urandom read (16 bytes read, 1 bits of entropy available)
[    0.915661] e1000: Intel(R) PRO/1000 Network Driver - version 7.3.21-k8-NAPI
[    0.917140] e1000: Copyright (c) 1999-2006 Intel Corporation.
[    0.922274] Fusion MPT base driver 3.04.20
[    0.923224] Copyright (c) 1999-2008 LSI Corporation
[    0.927612] Fusion MPT SPI Host driver 3.04.20
[    0.929983] AVX2 version of gcm_enc/dec engaged.
[    0.930919] AES CTR mode by8 optimization enabled
[    1.124531] input: ImExPS/2 Generic Explorer Mouse as /devices/platform/i8042/serio1/input/input4
[    1.263227] e1000 0000:00:03.0 eth0: (PCI:33MHz:32-bit) 02:4f:25:6a:cc:77
[    1.264410] e1000 0000:00:03.0 eth0: Intel(R) PRO/1000 Network Connection
[    1.266171] mptbase: ioc0: Initiating bringup
[    1.266616] e1000 0000:00:03.0 enp0s3: renamed from eth0
[    1.588042] ioc0: LSI53C1030 A0: Capabilities={Initiator}
[    2.068135] scsi host2: ioc0: LSI53C1030 A0, FwRev=00000000h, Ports=1, MaxQ=256, IRQ=20
[    2.577141] scsi 2:0:0:0: Direct-Access     VBOX     HARDDISK         1.0  PQ: 0 ANSI: 5
[    2.578856] scsi target2:0:0: Beginning Domain Validation
[    2.580994] scsi target2:0:0: Domain Validation skipping write tests
[    2.581883] scsi target2:0:0: Ending Domain Validation
[    2.582671] scsi target2:0:0: asynchronous
[    2.583578] scsi 2:0:1:0: Direct-Access     VBOX     HARDDISK         1.0  PQ: 0 ANSI: 5
[    2.584843] scsi target2:0:1: Beginning Domain Validation
[    2.587171] scsi target2:0:1: Domain Validation skipping write tests
[    2.588132] scsi target2:0:1: Ending Domain Validation
[    2.588933] scsi target2:0:1: asynchronous
[    2.594362] sd 2:0:0:0: Attached scsi generic sg0 type 0
[    2.603348] sd 2:0:0:0: [sda] 20971520 512-byte logical blocks: (10.7 GB/10.0 GiB)
[    2.605289] sd 2:0:1:0: Attached scsi generic sg1 type 0
[    2.606585] sd 2:0:1:0: [sdb] 20480 512-byte logical blocks: (10.5 MB/10.0 MiB)
[    2.608083] sd 2:0:0:0: [sda] Write Protect is off
[    2.609285] sd 2:0:0:0: [sda] Incomplete mode parameter data
[    2.610373] sd 2:0:0:0: [sda] Assuming drive cache: write through
[    2.611718] sd 2:0:1:0: [sdb] Write Protect is off
[    2.612975] sd 2:0:1:0: [sdb] Incomplete mode parameter data
[    2.613988] sd 2:0:1:0: [sdb] Assuming drive cache: write through
[    2.616729]  sda: sda1
[    2.618499] sd 2:0:0:0: [sda] Attached SCSI disk
[    2.620268] sd 2:0:1:0: [sdb] Attached SCSI disk
Begin: Loading essential drivers ... [    3.870917] md: linear personality registered for level -1
[    3.873779] md: multipath personality registered for level -4
[    3.876457] md: raid0 personality registered for level 0
[    3.879936] md: raid1 personality registered for level 1
[    3.951803] raid6: sse2x1   gen() 13074 MB/s
[    4.019468] raid6: sse2x1   xor()  8657 MB/s
[    4.087750] raid6: sse2x2   gen() 18166 MB/s
[    4.155728] raid6: sse2x2   xor() 11941 MB/s
[    4.223704] raid6: sse2x4   gen() 19294 MB/s
[    4.291515] raid6: sse2x4   xor() 11496 MB/s
[    4.359337] raid6: avx2x1   gen() 24618 MB/s
[    4.427662] raid6: avx2x2   gen() 27791 MB/s
[    4.495806] raid6: avx2x4   gen() 34897 MB/s
[    4.496697] raid6: using algorithm avx2x4 gen() 34897 MB/s
[    4.497597] raid6: using avx2x2 recovery algorithm
[    4.499523] xor: automatically using best checksumming function:
[    4.539903]    avx       : 30590.000 MB/sec
[    4.541733] async_tx: api initialized (async)
[    4.550454] md: raid6 personality registered for level 6
[    4.552021] md: raid5 personality registered for level 5
[    4.553235] md: raid4 personality registered for level 4
[    4.558723] md: raid10 personality registered for level 10
done.
Begin: Running /scripts/init-premount ... done.
Begin: Mounting root file system ... Begin: Running /scripts/local-top ... done.
Begin: Running /scripts/local-premount ... [    4.578978] Btrfs loaded
Scanning for Btrfs filesystems
done.
Warning: fsck not present, so skipping root file system
[    4.597136] EXT4-fs (sda1): mounted filesystem with ordered data mode. Opts: (null)
done.
Begin: Running /scripts/local-bottom ... done.
Begin: Running /scripts/init-bottom ... done.
[    4.660263] systemd[1]: systemd 229 running in system mode. (+PAM +AUDIT +SELINUX +IMA +APPARMOR +SMACK +SYSVINIT +UTMP +LIBCRYPTSETUP +GCRYPT +GNUTLS +ACL +XZ -LZ4 +SECCOMP +BLKID +ELFUTILS +KMOD -IDN)
[    4.663473] systemd[1]: Detected virtualization oracle.
[    4.664515] systemd[1]: Detected architecture x86-64.

Welcome to [1mUbuntu 16.04.6 LTS[0m!

[    4.668199] systemd[1]: Set hostname to <ubuntu>.
[    4.672723] systemd[1]: Initializing machine ID from random generator.
[    4.674168] systemd[1]: Installed transient /etc/machine-id file.
[    4.752507] systemd[1]: Started Forward Password Requests to Wall Directory Watch.
[[0;32m  OK  [0m] Started Forward Password Requests to Wall Directory Watch.
[    4.754743] systemd[1]: Listening on udev Kernel Socket.
[[0;32m  OK  [0m] Listening on udev Kernel Socket.
[    4.764879] systemd[1]: Listening on udev Control Socket.
[[0;32m  OK  [0m] Listening on udev Control Socket.
[    4.766737] systemd[1]: Created slice User and Session Slice.
[[0;32m  OK  [0m] Created slice User and Session Slice.
[    4.768670] systemd[1]: Listening on Syslog Socket.
[[0;32m  OK  [0m] Listening on Syslog Socket.
[    4.775498] systemd[1]: Listening on LVM2 metadata daemon socket.
[[0;32m  OK  [0m] Listening on LVM2 metadata daemon socket.
[    4.777453] systemd[1]: Listening on Device-mapper event daemon FIFOs.
[[0;32m  OK  [0m] Listening on Device-mapper event daemon FIFOs.
[    4.783898] systemd[1]: Reached target Encrypted Volumes.
[[0;32m  OK  [0m] Reached target Encrypted Volumes.
[    4.785796] systemd[1]: Created slice System Slice.
[[0;32m  OK  [0m] Created slice System Slice.
[    4.787628] systemd[1]: Listening on Journal Socket (/dev/log).
[[0;32m  OK  [0m] Listening on Journal Socket (/dev/log).
[    4.795854] systemd[1]: Listening on /dev/initctl Compatibility Named Pipe.
[[0;32m  OK  [0m] Listening on /dev/initctl Compatibility Named Pipe.
[    4.797741] systemd[1]: Reached target User and Group Name Lookups.
[[0;32m  OK  [0m] Reached target User and Group Name Lookups.
[    4.799686] systemd[1]: Created slice system-serial\x2dgetty.slice.
[[0;32m  OK  [0m] Created slice system-serial\x2dgetty.slice.
[    4.801425] systemd[1]: Listening on LVM2 poll daemon socket.
[[0;32m  OK  [0m] Listening on LVM2 poll daemon socket.
[    4.807572] systemd[1]: Listening on Journal Socket.
[[0;32m  OK  [0m] Listening on Journal Socket.
[    4.820030] systemd[1]: Mounting POSIX Message Queue File System...
         Mounting POSIX Message Queue File System...
[    4.827867] systemd[1]: Starting Monitoring of LVM2 mirrors, snapshots etc. using dmeventd or progress polling...
         Starting Monitoring of LVM2 mirrors... dmeventd or progress polling...
[    4.831706] systemd[1]: Starting Create list of required static device nodes for the current kernel...
         Starting Create list of required st... nodes for the current kernel...
[    4.836533] systemd[1]: Starting Load Kernel Modules...
         Starting Load Kernel Modules...
[    4.844070] Loading iSCSI transport class v2.0-870.
[    4.844137] systemd[1]: Starting Nameserver information manager...
         Starting Nameserver information manager...
[    4.846922] systemd[1]: Mounting Huge Pages File System...
         Mounting Huge Pages File System...
[    4.848892] systemd[1]: Starting Uncomplicated firewall...
         Starting Uncomplicated firewall...
[    4.851502] systemd[1]: Starting Set console keymap...
[    4.851965] iscsi: registered transport (tcp)
         Starting Set console keymap...
[    4.856216] systemd[1]: Starting Remount Root and Kernel File Systems...
         Starting Remount Root and Kernel File Systems...
[    4.858388] systemd[1]: Reached target Slices.
[    4.858431] EXT4-fs (sda1): re-mounted. Opts: (null)
[[0;32m  OK  [0m] Reached target Slices.
[    4.860587] systemd[1]: Set up automount Arbitrary Executable File Formats File System Automount Point.
[[0;32m  OK  [0m] Set up automount Arbitrary Executab...ats File System Automount Point.
[    4.863819] systemd[1]: Listening on Journal Audit Socket.
[[0;32m  OK  [0m] Listening on Journal Audit Socket.
[    4.866029] systemd[1]: Starting Journal Service...
         Starting Journal Service...
[    4.867696] systemd[1]: Reached target System Time Synchronized.
[[0;32m  OK  [0m] Reached target System Time Synchronized.
[    4.869759] systemd[1]: Mounting Debug File System...
         Mounting Debug File System...
[    4.871861] systemd[1]: Started Trigger resolvconf update for networkd DNS.
[[0;32m  OK  [0m] Started Trigger resolvconf update for networkd DNS.
[    4.879465] systemd[1]: Reached target Swap.
[[0;32m  OK  [0m] Reached target Swap.
[    4.891779] iscsi: registered transport (iser)
[    4.900144] systemd[1]: Mounted Debug File System.
[[0;32m  OK  [0m] Mounted Debug File System.
[    4.907740] systemd[1]: Mounted Huge Pages File System.
[[0;32m  OK  [0m] Mounted Huge Pages File System.
[    4.909770] systemd[1]: Mounted POSIX Message Queue File System.
[[0;32m  OK  [0m] Mounted POSIX Message Queue File System.
[    4.911620] systemd[1]: Started Journal Service.
[[0;32m  OK  [0m] Started Journal Service.
[[0;32m  OK  [0m] Started Create list of required sta...ce nodes for the current kernel.
[[0;32m  OK  [0m] Started Load Kernel Modules.
[[0;32m  OK  [0m] Started Uncomplicated firewall.
[[0;32m  OK  [0m] Started Set console keymap.
[[0;32m  OK  [0m] Started Remount Root and Kernel File Systems.
[[0;32m  OK  [0m] Started Nameserver information manager.
[[0;32m  OK  [0m] Started LVM2 metadata daemon.
         Starting Load/Save Random Seed...
         Starting udev Coldplug all Devices...
         Starting Apply Kernel Variables...
         Mounting FUSE Control File System...
         Starting Create Static Device Nodes in /dev...
         Starting Flush Journal to Persistent Storage...
[[0;32m  OK  [0m] Started Load/Save Random Seed.
[[0;32m  OK  [0m] Mounted FUSE Control File System.
[[0;32m  OK  [0m] Started Apply Kernel Variables.
[[0;32m  OK  [0m] Started Create Static Device Nodes in /dev.
[[0;32m  OK  [0m] Started Flush Journal to Persistent Storage.
[[0;32m  OK  [0m] Started udev Coldplug all Devices.
         Starting udev Kernel Device Manager...
[[0;32m  OK  [0m] Started udev Kernel Device Manager.
[[0;32m  OK  [0m] Started Dispatch Password Requests to Console Directory Watch.
[[0;32m  OK  [0m] Found device /dev/ttyS0.
[[0;32m  OK  [0m] Listening on Load/Save RF Kill Switch Status /dev/rfkill Watch.
[[0;32m  OK  [0m] Started Monitoring of LVM2 mirrors,...ng dmeventd or progress polling.
[[0;32m  OK  [0m] Reached target Local File Systems (Pre).
[[0;32m  OK  [0m] Reached target Local File Systems.
         Starting Commit a transient machine-id on disk...
         Starting Create Volatile Files and Directories...
         Starting Tell Plymouth To Write Out Runtime Data...
         Starting Set console font and keymap...
         Starting LSB: AppArmor initialization...
         Starting Initial cloud-init job (pre-networking)...
[[0;32m  OK  [0m] Started Commit a transient machine-id on disk.
[[0;32m  OK  [0m] Started Create Volatile Files and Directories.
[[0;32m  OK  [0m] Started Tell Plymouth To Write Out Runtime Data.
         Starting Update UTMP about System Boot/Shutdown...
[[0;32m  OK  [0m] Started Update UTMP about System Boot/Shutdown.
[[0;32m  OK  [0m] Started Set console font and keymap.
[[0;32m  OK  [0m] Created slice system-getty.slice.
[[0;32m  OK  [0m] Started LSB: AppArmor initialization.
[    6.107118] cloud-init[633]: Cloud-init v. 19.2-36-g059d049c-0ubuntu2~16.04.1 running 'init-local' at Tue, 10 Dec 2019 13:10:09 +0000. Up 5.89 seconds.
[[0;32m  OK  [0m] Started Initial cloud-init job (pre-networking).
[[0;32m  OK  [0m] Reached target Network (Pre).
         Starting Raise network interfaces...
[[0;32m  OK  [0m] Started Raise network interfaces.
[[0;32m  OK  [0m] Reached target Network.
         Starting Initial cloud-init job (metadata service crawler)...
[    6.849833] cloud-init[937]: Cloud-init v. 19.2-36-g059d049c-0ubuntu2~16.04.1 running 'init' at Tue, 10 Dec 2019 13:10:10 +0000. Up 6.46 seconds.
[    6.856440] cloud-init[937]: ci-info: ++++++++++++++++++++++++++++++++++++++Net device info++++++++++++++++++++++++++++++++++++++
[    6.864247] cloud-init[937]: ci-info: +--------+------+----------------------------+---------------+--------+-------------------+
[    6.872480] cloud-init[937]: ci-info: | Device |  Up  |          Address           |      Mask     | Scope  |     Hw-Address    |
[    6.880429] cloud-init[937]: ci-info: +--------+------+----------------------------+---------------+--------+-------------------+
[    6.880592] cloud-init[937]: ci-info: | enp0s3 | True |         10.0.2.15          | 255.255.255.0 | global | 02:4f:25:6a:cc:77 |[
[0;32m  OK  [0m] Started Initial cloud-init job (metadata service crawler).
[    6.880682] cloud-init[937]: ci-info: | enp0s3 | True | fe80::4f:25ff:fe6a:cc77/64 |       .       |  link  | 02:4f:25:6a:cc:77 |
[    6.884000] cloud-init[937]: ci-info: |   lo   | True |         127.0.0.1          |   255.0.0.0   |  host  |         .         |
[    6.885162] cloud-init[937]: ci-info: |   lo   | True |          ::1/128           |       .       |  host  |         .         |
[    6.886559] cloud-init[937]: ci-info: +--------+------+----------------------------+---------------+--------+-------------------+
[    6.886715] cloud-init[937]: ci-info: +++++++++++++++++++++++++++Route IPv4 info++++++++++++++++++++++++++++
[[0;32m  OK  [0m] Reached target Network is Online.
[    6.886757] cloud-init[937]: ci-info: +-------+-------------+----------+---------------+-----------+-------+
[    6.889910] cloud-init[937]: ci-info: | Route | Destination | Gateway  |    Genmask    | Interface | Flags |
[    6.890887] cloud-init[937]: ci-info: +-------+-------------+----------+---------------+-----------+-------+
[    6.891921] cloud-init[937]: ci-info: |   0   |   0.0.0.0   | 10.0.2.2 |    0.0.0.0    |   enp0s3  |   UG  |
[    6.893059] cloud-init[937]: ci-info: |   1   |   10.0.2.0  | 0.0.0.0  | 255.255.255.0 |   enp0s3  |   U   |
[    6.894160] cloud-init[937]: ci-info: +-------+-------------+----------+---------------+-----------+-------+
[    6.895264] cloud-init[937]: ci-info: +++++++++++++++++++Route IPv6 info+++++++++++++++++++
[    6.896232] cloud-init[937]: ci-info: +-------+-------------+---------+-----------+-------+
[    6.897198] cloud-init[937]: ci-info: | Route | Destination | Gateway | Interface | Flags |
[    6.898071] cloud-init[937]: ci-info: +-------+-------------+---------+-----------+-------+
[    6.899057] cloud-init[937]: ci-info: |   0   |  fe80::/64  |    ::   |   enp0s3  |   U   |
[    6.899942] cloud-init[937]: ci-info: |   3   |   ff00::/8  |    ::   |   enp0s3  |   U   |
[    6.900864] cloud-init[937]: ci-info: +-------+-------------+---------+-----------+-------+
         Starting iSCSI initiator daemon (iscsid)...
[[0;32m  OK  [0m] Reached target Cloud-config availability.
[[0;32m  OK  [0m] Reached target System Initialization.
[    6.907150] cloud-init[937]: Generating public/private rsa key pair.
[    6.907898] cloud-init[937]: Your identification has been saved in /etc/ssh/ssh_host_rsa_key.
[    6.910047]          cloud-initStarting LXD - unix socket.[937]: 
Your public key has been saved in /etc/ssh/ssh_host_rsa_key.pub.
[    6.911539] [[0;32m  OK  [0m] Started Daily Cleanup of Temporary Directories.
cloud-init[937]: The key fingerprint is:
[    6.912568] [[0;32m  OK  [0m] Started Message of the Day.
cloud-init[937]: SHA256:cnD9rMmSUIjGhvXsbC2DlYB8RRIKGdUbIpeEjzIjKxs root@ubuntu-xenial
[[0;32m  OK  [0m] Listening on UUID daemon activation socket.
[[0;32m  OK  [0m] Started Daily apt download activities.
[[    6.913478] [0;32m  OK  [0mcloud-init] [937]: Listening on ACPID Listen Socket.The key's randomart image is:

[    6.915778] [[0;32m  OK  [0m] Listening on D-Bus System Message Bus Socket.
cloud-init[937]: +---[RSA 2048]----+
[    6.916820] [cloud-init[0;32m  OK  [0m[937]: ] |oBo+=+o          |Started Daily apt upgrade and clean activities.

[[0;32m  OK  [0m] Reached target Timers.
         Starting Socket activation for snappy daemon.
[    6.917037] cloud-init[937]: |+.*=+* o .       |
[    6.926395] [[0;32m  OK  [0m] Started ACPI Events Check.
[[0;32m  OK  [0m] Reached target Paths.
cloud-init[937]: | =oo=oB o .      |
[    6.927775] [[0;32m  OK  [0m] Listening on LXD - unix socket.
cloud-init[937]: |* .o.= =   o     |
[[0;32m  OK  [0m] Listening on Socket activation for snappy daemon.
[    6.929154] cloud-init[937]: |o+  . O S   o    |
[    6.929961] cloud-init[937]: |E    . * o o     |
[    6.930691] cloud-init[937]: |.o      o +      |
[    6.931399] cloud-init[937]: |.        .       |
[    6.932426] cloud-init[937]: |                 |
[[0;32m  OK  [0m] Reached target Sockets.
[[0;32m  OK  [0m] Reached target Basic System.
[    6.934380] cloud-init[937]: +----[SHA256]-----+
[    6.935012] [cloud-init[0;32m  OK  [0m[937]: ] Generating public/private dsa key pair.Started D-Bus System Message Bus.

[    6.935251] cloud-init[937]: Your identification has been saved in /etc/ssh/ssh_host_dsa_key.
[    6.938089] cloud-init[937]: Your public key has been saved in /etc/ssh/ssh_host_dsa_key.pub.
[    6.939308] cloud-init[937]: The key fingerprint is:
[    6.941043] cloud-init[937]: SHA256:6TKgylA4lh969D3Lx0FguijevQ0yfcspr4E1tHAtKIA root@ubuntu-xenial
[    6.942139] cloud-init[937]: The key's randomart image is:
[    6.942844] cloud-init[937]: +---[DSA 1024]----+
[    6.944251] cloud-init[937]: |o                |
[    6.945360] cloud-init[937]: |E   . .o         |
[    6.946415] cloud-init[937]: | . o +o..        |
[    6.947905] cloud-init[937]: | .o +.o  o       |
[    6.948706] cloud-init[937]: |oo.oo+. S        |
[    6.949402] cloud-init[937]: |.++o*oo. .       |
[    6.950105] cloud-init[937]: |o.+*.=o+o .      |
[    6.950807] cloud-init[937]: |oo..ooBo=o       |
[    6.951507] cloud-init[937]: |..   o=O.        |
[    6.952219] cloud-init[937]: +----[SHA256]-----+
[    6.952920] cloud-init[937]: Generating public/private ecdsa key pair.
[    6.953761] cloud-init[937]: Your identification has been saved in /etc/ssh/ssh_host_ecdsa_key.
[    6.954737] cloud-init[937]: Your public key has been saved in /etc/ssh/ssh_host_ecdsa_key.pub.
[    6.955697] cloud-init[937]: The key fingerprint is:
[    6.956468] cloud-init[937]: SHA256:gFKyjccmdcuk4sJpvuY6rjgUEoWdD+Bzhv4XVsZOPB0 root@ubuntu-xenial
[    6.957447] cloud-init[937]: The key's randomart image is:
[    6.958159] cloud-init[937]: +---[ECDSA 256]---+
[    6.958798] cloud-init[937]: |.=o.o o  E       |
[    6.959471] cloud-init[937]: |+ =O *o.. .      |
[    6.960163]          Starting Pollinate to seed the pseudo random number generator...
         Starting Login Service...
cloud-init[937]:          Starting System Logging Service...
         Starting /etc/rc.local Compatibility...
| =*=B +B .       |
[    6.962282]          cloud-initStarting Virtualbox guest utils...[937]: 
|+o=*. =..        |
[[0;32m  OK  [0m] Started Regular background program processing daemon.
[    6.972482] cloud-init[937]: |o=o  o .S        |
[[0;32m  OK  [0m] Started ACPI event daemon.
[[0;32m  OK  [0m] Started FUSE filesystem for LXC.
[[0;32m  OK  [0m] Started Deferred execution scheduler.
         Starting LSB: Record successful boot for GRUB...
         Starting LSB: MD monitoring daemon...
         Starting Accounts Service...
         Starting Snappy daemon...
         Starting LXD - container startup/shutdown...
[[0;32m  OK  [0m] Started System Logging Service.
[[0;32m  OK  [0m] Started iSCSI initiator daemon (iscsid).
[[0;32m  OK  [0m] Started /etc/rc.local Compatibility.
[    6.980608] cloud-init[937]: |oo. . .          |
[    6.998025] cloud-init[937]: |.. . .           |
[    7.000814] cloud-init[937]: |+.. .            |
[    7.002673] cloud-init[937]: |X*               |
[    7.013573] cloud-init[937]: +----[SHA256]-----+
[    7.028656] cloud-init[937]: Generating public/private ed25519 key pair.
[    7.030281] cloud-init[937]: Your identification has been saved in /etc/ssh/ssh_host_ed25519_key.
[    7.032011] cloud-init[937]: Your public key has been saved in /etc/ssh/ssh_host_ed25519_key.pub.
[    7.033968] cloud-init[937]: The key fingerprint is:
[    7.035690] cloud-init[937]:          Starting Login to default iSCSI targets...
SHA256:eUOuSWiNUJZeHTzadlDC3oAiXOJA+6pH0Yn0CiaXSq4 root@ubuntu-xenial[[0;32m  OK  [0m] Started LSB: Record successful boot for GRUB.

[    7.038192] [[0;32m  OK  [0m] Started LSB: MD monitoring daemon.
[[0;32m  OK  [0m] Started Login Service.
cloud-init[937]: [[0;32m  OK  [0m] Started Unattended Upgrades Shutdown.
The key's randomart image is:
         Starting Authenticate and Authorize Users to Run Privileged Tasks...
[    7.053349] cloud-init[937]: +--[ED25519 256]--+
[    7.058606] cloud-init[937]: | .o...+. =oo.    |
[[0;32m  OK  [0m] Started Login to default iSCSI targets.
[[0;32m  OK  [0m] Reached target Remote File Systems (Pre).
[[0;32m  OK  [0m] Reached target Remote File Systems.
         Starting LSB: daemon to balance interrupts for SMP systems...
         Starting Permit User Sessions...
         Starting LSB: automatic crash report generation...
         Starting LSB: Set the CPU Frequency Scaling governor to "ondemand"...
[[0;32m  OK  [0m] Started Permit User Sessions.
         Starting Hold until boot process finishes up...
         Starting Terminate Plymouth Boot Screen...
[[0;32m  OK  [0m] Started LSB: Set the CPU Frequency Scaling governor to "ondemand".
[[0;32m  OK  [0m] Started Authenticate and Authorize Users to Run Privileged Tasks.
[[0;32m  OK  [0m] Started Terminate Plymouth Boot Screen.
[[0;32m  OK  [0m] Started Hold until boot process finishes up.
[[0;32m  OK  [0m] Started LSB: automatic crash report generation.
[    7.064941] cloud-init[937]: |  .+o+o o B.     |[[0;32m  OK  [0m] Started Accounts Service.

[    7.097879] cloud-init[937]: | ..=o+ o +.=     |
[    7.104405] cloud-init[937]: |oo=.+..+.++ o    |
[    7.105446] cloud-init[937]: |=+ o. + S.+.     |
[    7.106844] cloud-init[937]: |..o. . . + .     |
[    7.107788] cloud-init[937]: |...     o        |
[    7.110469] cloud-init[937]: |E..              |
[[0;32m  OK  [0m] Started Serial Getty on ttyS0.
[[0;32m  OK  [0m] Started Getty on tty1.
[[0;32m  OK  [0m] Reached target Login Prompts.
[    7.116982] cloud-init         Starting Set console scheme...
[[0;32m  OK  [0m] Started Virtualbox guest utils.
[937]: |..               |
[    7.120734] cloud-init[937]: +----[SHA256]-----+
[[0;32m  OK  [0m] Started LSB: daemon to balance interrupts for SMP systems.
[[0;32m  OK  [0m] Started Set console scheme.
[[0;32m  OK  [0m] Started LXD - container startup/shutdown.
[[0;32m  OK  [0m] Started Snappy daemon.
         Starting Wait until snapd is fully seeded...
[[0;32m  OK  [0m] Started Pollinate to seed the pseudo random number generator.
         Starting OpenBSD Secure Shell server...
[[0;32m  OK  [0m] Started OpenBSD Secure Shell server.
[[0;32m  OK  [0m] Started Wait until snapd is fully seeded.
         Starting Apply the settings specified in cloud-config...
[[0;32m  OK  [0m] Reached target Multi-User System.
[[0;32m  OK  [0m] Reached target Graphical Interface.
         Starting Update UTMP about System Runlevel Changes...
[[0;32m  OK  [0m] Started Update UTMP about System Runlevel Changes.
[   11.036872] cloud-init[1293]: Generating locales (this might take a while)...
[   11.524312] cloud-init[1293]:   en_US.UTF-8... done
[   11.532247] cloud-init[1293]: Generation complete.
[   11.713701] cloud-init[1293]: Cloud-init v. 19.2-36-g059d049c-0ubuntu2~16.04.1 running 'modules:config' at Tue, 10 Dec 2019 13:10:14 +0000. Up 10.97 seconds.
[[0;32m  OK  [0m] Started Apply the settings specified in cloud-config.
         Starting Execute cloud user/final scripts...
ci-info: no authorized ssh keys fingerprints found for user ubuntu.
<14>Dec 10 13:10:15 ec2: 
<14>Dec 10 13:10:15 ec2: #############################################################
<14>Dec 10 13:10:15 ec2: -----BEGIN SSH HOST KEY FINGERPRINTS-----
<14>Dec 10 13:10:15 ec2: 1024 SHA256:6TKgylA4lh969D3Lx0FguijevQ0yfcspr4E1tHAtKIA root@ubuntu-xenial (DSA)
<14>Dec 10 13:10:15 ec2: 256 SHA256:gFKyjccmdcuk4sJpvuY6rjgUEoWdD+Bzhv4XVsZOPB0 root@ubuntu-xenial (ECDSA)
<14>Dec 10 13:10:15 ec2: 256 SHA256:eUOuSWiNUJZeHTzadlDC3oAiXOJA+6pH0Yn0CiaXSq4 root@ubuntu-xenial (ED25519)
<14>Dec 10 13:10:15 ec2: 2048 SHA256:cnD9rMmSUIjGhvXsbC2DlYB8RRIKGdUbIpeEjzIjKxs root@ubuntu-xenial (RSA)
<14>Dec 10 13:10:15 ec2: -----END SSH HOST KEY FINGERPRINTS-----
<14>Dec 10 13:10:15 ec2: #############################################################
-----BEGIN SSH HOST KEY KEYS-----
ecdsa-sha2-nistp256 AAAAE2VjZHNhLXNoYTItbmlzdHAyNTYAAAAIbmlzdHAyNTYAAABBBPpB8xd5fDzl82wUkQg2OBu5X1mdp8gYOnszU9b/jhT8Nn1HHtgCaweWb1e+sYeRyH7kKq1PchGyuKeylEteotg= root@ubuntu-xenial
ssh-ed25519 AAAAC3NzaC1lZDI1NTE5AAAAIFjDGl2h4Mf56etrXvvmohr/CWQYZDQbRo6SXUAnC0FJ root@ubuntu-xenial
ssh-rsa AAAAB3NzaC1yc2EAAAADAQABAAABAQCp2k1hESMSS47s25HP+mTfQ/qyu/gxAc+/I8+dicRQC8UOG+XX2KlnZawJGnyuRHsXUsp9HX/ex0RRyqalf48kPN1DNEwuLyHr9cN+7o10sfuf3KeV/cPo7Uez2BRjTDLvmhZVaRY2JSKqlZTYI8CSVuT7KKfKTyuc5AS+ZN5pO8DwOuqB3mWAWgn3EZyuza9CccjIXaSWR6m/9sJSsSxsCWsvL/83cwGSlr4hGyJS58GnZov9p4EawmJnifEsauGvD2GS+ET3mjyssDtlvDzLhgYy+xuAio9cZovOk/DoYLQZSUfrz9tODN5yYdXP4Jj1hSvdI5RVcOL/gaL8PPAt root@ubuntu-xenial
-----END SSH HOST KEY KEYS-----
[   11.999114] cloud-init[1337]: Cloud-init v. 19.2-36-g059d049c-0ubuntu2~16.04.1 running 'modules:final' at Tue, 10 Dec 2019 13:10:15 +0000. Up 11.91 seconds.
[   12.000604] cloud-init[1337]: ci-info: no authorized ssh keys fingerprints found for user ubuntu.
[   12.001762] cloud-init[1337]: Cloud-init v. 19.2-36-g059d049c-0ubuntu2~16.04.1 finished at Tue, 10 Dec 2019 13:10:15 +0000. Datasource DataSourceNoCloud [seed=/dev/sdb][dsmode=net].  Up 11.99 seconds
[[0;32m  OK  [0m] Started Execute cloud user/final scripts.
[[0;32m  OK  [0m] Reached target Cloud-init target.

Ubuntu 16.04.6 LTS ubuntu-xenial ttyS0

ubuntu-xenial login: 